[agentforce-handson-ahm-dec-d639f996c085.herokuapp.com/agentforce-workshop.html]
[backblue.gif]
[fade.gif]
[index.html]
[agentforce-handson-ahm-dec-d639f996c085.herokuapp.com/agentforce-workshop/style.BP1uBKNn.css]
[agentforce-handson-ahm-dec-d639f996c085.herokuapp.com/agentforce-workshop/app.dJb5sJ5G.js]
[agentforce-handson-ahm-dec-d639f996c085.herokuapp.com/agentforce-workshop/inter-roman-latin.Di8DUHzh.woff2]
[agentforce-handson-ahm-dec-d639f996c085.herokuapp.com/agentforce-workshop/chunks/theme.BZjgeyEn.js]
[agentforce-handson-ahm-dec-d639f996c085.herokuapp.com/agentforce-workshop/chunks/framework.BRP8cXOc.js]
[agentforce-handson-ahm-dec-d639f996c085.herokuapp.com/agentforce-workshop/agentforce-workshop.md.D59TMpc0.lean.js]
[agentforce-handson-ahm-dec-d639f996c085.herokuapp.com/agentforce-workshop/gfx/salesforce.svg]
[agentforce-handson-ahm-dec-d639f996c085.herokuapp.com/agentforce-workshop/data-cloud-11-soql-1.CkwAL-XE.webp]
[agentforce-handson-ahm-dec-d639f996c085.herokuapp.com/agentforce-workshop/getting-started/overview.html]
[agentforce-handson-ahm-dec-d639f996c085.herokuapp.com/index.html]
[agentforce-handson-ahm-dec-d639f996c085.herokuapp.com/agentforce-workshop/resources.html]
[agentforce-handson-ahm-dec-d639f996c085.herokuapp.com/agentforce-workshop/gfx/agents.png]
[agentforce-handson-ahm-dec-d639f996c085.herokuapp.com/agentforce-workshop/data-cloud/overview.html]
[agentforce-handson-ahm-dec-d639f996c085.herokuapp.com/agentforce-workshop/prompt-builder/overview.html]
[agentforce-handson-ahm-dec-d639f996c085.herokuapp.com/agentforce-workshop/agents/overview.html]
[agentforce-handson-ahm-dec-d639f996c085.herokuapp.com/agentforce-workshop/service-agents/overview.html]
[agentforce-handson-ahm-dec-d639f996c085.herokuapp.com/agentforce-workshop/rag/overview.html]
[agentforce-handson-ahm-dec-d639f996c085.herokuapp.com/agentforce-workshop.html]
[agentforce-handson-ahm-dec-d639f996c085.herokuapp.com/agentforce-workshop/advanced/overview.html]
[agentforce-handson-ahm-dec-d639f996c085.herokuapp.com/agentforce-workshop/inter-roman-cyrillic-ext.BBPuwvHQ.woff2]
[agentforce-handson-ahm-dec-d639f996c085.herokuapp.com/agentforce-workshop/inter-roman-cyrillic.C5lxZ8CY.woff2]
[agentforce-handson-ahm-dec-d639f996c085.herokuapp.com/agentforce-workshop/inter-roman-greek-ext.CqjqNYQ-.woff2]
[agentforce-handson-ahm-dec-d639f996c085.herokuapp.com/agentforce-workshop/inter-roman-greek.BBVDIX6e.woff2]
[agentforce-handson-ahm-dec-d639f996c085.herokuapp.com/agentforce-workshop/inter-roman-vietnamese.BjW4sHH5.woff2]
[agentforce-handson-ahm-dec-d639f996c085.herokuapp.com/agentforce-workshop/inter-roman-latin-ext.4ZJIpNVo.woff2]
[agentforce-handson-ahm-dec-d639f996c085.herokuapp.com/agentforce-workshop/inter-italic-cyrillic-ext.r48I6akx.woff2]
[agentforce-handson-ahm-dec-d639f996c085.herokuapp.com/agentforce-workshop/inter-italic-cyrillic.By2_1cv3.woff2]
[agentforce-handson-ahm-dec-d639f996c085.herokuapp.com/agentforce-workshop/inter-italic-greek-ext.1u6EdAuj.woff2]
[agentforce-handson-ahm-dec-d639f996c085.herokuapp.com/agentforce-workshop/inter-italic-greek.DJ8dCoTZ.woff2]
[agentforce-handson-ahm-dec-d639f996c085.herokuapp.com/agentforce-workshop/inter-italic-vietnamese.BSbpV94h.woff2]
[agentforce-handson-ahm-dec-d639f996c085.herokuapp.com/agentforce-workshop/inter-italic-latin-ext.CN1xVJS-.woff2]
[agentforce-handson-ahm-dec-d639f996c085.herokuapp.com/agentforce-workshop/inter-italic-latin.C2AdPX0b.woff2]
[agentforce-handson-ahm-dec-d639f996c085.herokuapp.com/agentforce-workshop/fonts/ITCAvantGardePro-Demi.woff2]
[agentforce-handson-ahm-dec-d639f996c085.herokuapp.com/agentforce-workshop/fonts/SalesforceSans-Regular.woff2]
[agentforce-handson-ahm-dec-d639f996c085.herokuapp.com/agentforce-workshop/fonts/SalesforceSans-Bold.woff2]
[agentforce-handson-ahm-dec-d639f996c085.herokuapp.com/agentforce-workshop/style.BP1uBKNn.css]
[agentforce-handson-ahm-dec-d639f996c085.herokuapp.com/vp-icons.css]
[agentforce-handson-ahm-dec-d639f996c085.herokuapp.com/agentforce-workshop/gfx/salesforce.svg]
[agentforce-handson-ahm-dec-d639f996c085.herokuapp.com/index.html]
[agentforce-handson-ahm-dec-d639f996c085.herokuapp.com/agentforce-workshop/agentforce-workshop_getting-started_overview.md.0uHkSGOg.lean.js]
[agentforce-handson-ahm-dec-d639f996c085.herokuapp.com/agentforce-workshop/getting-started/speakers.html]
[agentforce-handson-ahm-dec-d639f996c085.herokuapp.com/agentforce-workshop/getting-started/setup.html]
[agentforce-handson-ahm-dec-d639f996c085.herokuapp.com/agentforce-workshop/getting-started/enable-code-builder.html]
[agentforce-handson-ahm-dec-d639f996c085.herokuapp.com/agentforce-workshop/data-cloud/1-create-s3-connection.html]
[agentforce-handson-ahm-dec-d639f996c085.herokuapp.com/agentforce-workshop/data-cloud/2-ingest-s3-guests.html]
[agentforce-handson-ahm-dec-d639f996c085.herokuapp.com/agentforce-workshop/data-cloud/3-ingest-s3-reservations.html]
[agentforce-handson-ahm-dec-d639f996c085.herokuapp.com/agentforce-workshop/data-cloud/4-ingest-crm-contacts.html]
[agentforce-handson-ahm-dec-d639f996c085.herokuapp.com/agentforce-workshop/data-cloud/5-create-unified-profile.html]
[agentforce-handson-ahm-dec-d639f996c085.herokuapp.com/agentforce-workshop/data-cloud/6-access-unified-data.html]
[agentforce-handson-ahm-dec-d639f996c085.herokuapp.com/agentforce-workshop/data-cloud/7-ingest-unstructured-data-index.html]
[agentforce-handson-ahm-dec-d639f996c085.herokuapp.com/agentforce-workshop/data-cloud/7-create-calculated-insights.html]
[agentforce-handson-ahm-dec-d639f996c085.herokuapp.com/agentforce-workshop/data-cloud/8-access-calculated-insights.html]
[agentforce-handson-ahm-dec-d639f996c085.herokuapp.com/agentforce-workshop/data-cloud/9-data-cloud-reports.html]
[agentforce-handson-ahm-dec-d639f996c085.herokuapp.com/agentforce-workshop/data-cloud/10-data-cloud-flow.html]
[agentforce-handson-ahm-dec-d639f996c085.herokuapp.com/agentforce-workshop/data-cloud/11-data-cloud-soql.html]
[agentforce-handson-ahm-dec-d639f996c085.herokuapp.com/agentforce-workshop/prompt-builder/1-field-generation.html]
[agentforce-handson-ahm-dec-d639f996c085.herokuapp.com/agentforce-workshop/prompt-builder/2-field-generation.html]
[agentforce-handson-ahm-dec-d639f996c085.herokuapp.com/agentforce-workshop/prompt-builder/3-sales-email.html]
[agentforce-handson-ahm-dec-d639f996c085.herokuapp.com/agentforce-workshop/prompt-builder/4-data-cloud.html]
[agentforce-handson-ahm-dec-d639f996c085.herokuapp.com/agentforce-workshop/prompt-builder/5-flex-template.html]
[agentforce-handson-ahm-dec-d639f996c085.herokuapp.com/agentforce-workshop/agents/1-get-started.html]
[agentforce-handson-ahm-dec-d639f996c085.herokuapp.com/agentforce-workshop/agents/2-flow-actions-credit.html]
[agentforce-handson-ahm-dec-d639f996c085.herokuapp.com/agentforce-workshop/agents/3-flow-actions-credit-bulk.html]
[agentforce-handson-ahm-dec-d639f996c085.herokuapp.com/agentforce-workshop/agents/4-apex-actions.html]
[agentforce-handson-ahm-dec-d639f996c085.herokuapp.com/agentforce-workshop/agents/5-prompt-template-actions.html]
[agentforce-handson-ahm-dec-d639f996c085.herokuapp.com/agentforce-workshop/agents/6-mulesoft-external-services.html]
[agentforce-handson-ahm-dec-d639f996c085.herokuapp.com/agentforce-workshop/service-agents/1-create-a-service-agent.html]
[agentforce-handson-ahm-dec-d639f996c085.herokuapp.com/agentforce-workshop/service-agents/2-configure-a-service-deployment.html]
[agentforce-handson-ahm-dec-d639f996c085.herokuapp.com/agentforce-workshop/service-agents/3-distribute-service-agent.html]
[agentforce-handson-ahm-dec-d639f996c085.herokuapp.com/agentforce-workshop/rag/1-ingest-unstructured-data-index.html]
[agentforce-handson-ahm-dec-d639f996c085.herokuapp.com/agentforce-workshop/rag/2-einstein-search.html]
[agentforce-handson-ahm-dec-d639f996c085.herokuapp.com/agentforce-workshop/rag/3-agent-with-unstructured-data.html]
[agentforce-handson-ahm-dec-d639f996c085.herokuapp.com/agentforce-workshop/advanced/1-advanced-prompt-template.html]
[agentforce-handson-ahm-dec-d639f996c085.herokuapp.com/agentforce-workshop/advanced/2-invoke-with-rest-api.html]
[agentforce-handson-ahm-dec-d639f996c085.herokuapp.com/agentforce-workshop/getting-started/overview.html]
[agentforce-handson-ahm-dec-d639f996c085.herokuapp.com/agentforce-workshop/profile-overlay.html]
[agentforce-handson-ahm-dec-d639f996c085.herokuapp.com/agentforce-workshop/resources.html]
[agentforce-handson-ahm-dec-d639f996c085.herokuapp.com/agentforce-workshop/agentforce-workshop_resources.md.Dxz_lnzR.lean.js]
[agentforce-handson-ahm-dec-d639f996c085.herokuapp.com/agentforce-workshop/agentforce-workshop_data-cloud_overview.md.Brtcp5AR.lean.js]
[agentforce-handson-ahm-dec-d639f996c085.herokuapp.com/agentforce-workshop/architecture-diagram.qk89apOp.webp]
[agentforce-handson-ahm-dec-d639f996c085.herokuapp.com/agentforce-workshop/data-cloud/overview.html]
[agentforce-handson-ahm-dec-d639f996c085.herokuapp.com/agentforce-workshop/prompt-builder/overview.html]
[agentforce-handson-ahm-dec-d639f996c085.herokuapp.com/agentforce-workshop/agentforce-workshop_prompt-builder_overview.md.Bk41tQGG.lean.js]
[agentforce-handson-ahm-dec-d639f996c085.herokuapp.com/agentforce-workshop/agents/overview.html]
[agentforce-handson-ahm-dec-d639f996c085.herokuapp.com/agentforce-workshop/agentforce-workshop_agents_overview.md.DsPQp8fS.lean.js]
[agentforce-handson-ahm-dec-d639f996c085.herokuapp.com/agentforce-workshop/agentforce-workshop_service-agents_overview.md.HG8laiVF.lean.js]
[agentforce-handson-ahm-dec-d639f996c085.herokuapp.com/agentforce-workshop/service-agent-architecture.CI7tOSTN.webp]
[agentforce-handson-ahm-dec-d639f996c085.herokuapp.com/agentforce-workshop/service-agents/overview.html]
[agentforce-handson-ahm-dec-d639f996c085.herokuapp.com/agentforce-workshop/rag/overview.html]
[agentforce-handson-ahm-dec-d639f996c085.herokuapp.com/agentforce-workshop/agentforce-workshop_rag_overview.md.CAUah0dk.lean.js]
[agentforce-handson-ahm-dec-d639f996c085.herokuapp.com/agentforce-workshop/advanced/overview.html]
[agentforce-handson-ahm-dec-d639f996c085.herokuapp.com/agentforce-workshop/agentforce-workshop_advanced_overview.md.Cplz4v-F.lean.js]
[agentforce-handson-ahm-dec-d639f996c085.herokuapp.com/agentforce-workshop/getting-started/speakers.html]
[agentforce-handson-ahm-dec-d639f996c085.herokuapp.com/agentforce-workshop/agentforce-workshop_getting-started_speakers.md.CToNaPZn.lean.js]
[agentforce-handson-ahm-dec-d639f996c085.herokuapp.com/agentforce-workshop/agentforce-workshop_getting-started_setup.md.DjtMb7zN.lean.js]
[agentforce-handson-ahm-dec-d639f996c085.herokuapp.com/agentforce-workshop/getting-started/setup.html]
[agentforce-handson-ahm-dec-d639f996c085.herokuapp.com/agentforce-workshop/agentforce-workshop_getting-started_enable-code-builder.md.sR0BUOWJ.lean.js]
[agentforce-handson-ahm-dec-d639f996c085.herokuapp.com/agentforce-workshop/getting-started-1.C6QtSBgc.webp]
[agentforce-handson-ahm-dec-d639f996c085.herokuapp.com/agentforce-workshop/getting-started/enable-code-builder.html]
[agentforce-handson-ahm-dec-d639f996c085.herokuapp.com/agentforce-workshop/agentforce-workshop_data-cloud_1-create-s3-connection.md.BSfnXwF6.lean.js]
[agentforce-handson-ahm-dec-d639f996c085.herokuapp.com/agentforce-workshop/data-cloud-s3-data-cloud-setup.CiOh5x7R.webp]
[agentforce-handson-ahm-dec-d639f996c085.herokuapp.com/agentforce-workshop/data-cloud-s3-add-connection.-lsKHU6F.webp]
[agentforce-handson-ahm-dec-d639f996c085.herokuapp.com/agentforce-workshop/data-cloud-s3-test-connection.-q7Sx95j.webp]
[agentforce-handson-ahm-dec-d639f996c085.herokuapp.com/agentforce-workshop/data-cloud/1-create-s3-connection.html]
[agentforce-handson-ahm-dec-d639f996c085.herokuapp.com/agentforce-workshop/chunks/data-cloud-guest-new-stream-s3.CKCAcPRW.js]
[agentforce-handson-ahm-dec-d639f996c085.herokuapp.com/agentforce-workshop/agentforce-workshop_data-cloud_2-ingest-s3-guests.md.B70gJ33M.lean.js]
[agentforce-handson-ahm-dec-d639f996c085.herokuapp.com/agentforce-workshop/data-cloud-guest-new-stream-s3.CG-wizEP.webp]
[agentforce-handson-ahm-dec-d639f996c085.herokuapp.com/agentforce-workshop/data-cloud-guest-new-stream-csv.CmI577Me.webp]
[agentforce-handson-ahm-dec-d639f996c085.herokuapp.com/agentforce-workshop/data-cloud-guest-new-stream-details.By4ybViS.webp]
[agentforce-handson-ahm-dec-d639f996c085.herokuapp.com/agentforce-workshop/data-cloud-guest-mapping-individual.DOjzC_9n.webp]
[agentforce-handson-ahm-dec-d639f996c085.herokuapp.com/agentforce-workshop/data-cloud-guest-mapping-email.DZvJbLHn.webp]
[agentforce-handson-ahm-dec-d639f996c085.herokuapp.com/agentforce-workshop/data-cloud-guest-mapping-init.OHpYWokc.webp]
[agentforce-handson-ahm-dec-d639f996c085.herokuapp.com/agentforce-workshop/data-cloud-guest-mapping-final.t5BQfTgx.webp]
[agentforce-handson-ahm-dec-d639f996c085.herokuapp.com/agentforce-workshop/data-cloud/2-ingest-s3-guests.html]
[agentforce-handson-ahm-dec-d639f996c085.herokuapp.com/agentforce-workshop/agentforce-workshop_data-cloud_3-ingest-s3-reservations.md.B8mSozeT.lean.js]
[agentforce-handson-ahm-dec-d639f996c085.herokuapp.com/agentforce-workshop/data-cloud-reservation-new-stream-csv.l5ufR92k.webp]
[agentforce-handson-ahm-dec-d639f996c085.herokuapp.com/agentforce-workshop/data-cloud-reservation-new-stream-details.CLXrjXDl.webp]
[agentforce-handson-ahm-dec-d639f996c085.herokuapp.com/agentforce-workshop/data-cloud-reservation-new-custom-dmo.DuKy9OSl.webp]
[agentforce-handson-ahm-dec-d639f996c085.herokuapp.com/agentforce-workshop/data-cloud-reservation-custom-dmo-fields.D09_Aimt.webp]
[agentforce-handson-ahm-dec-d639f996c085.herokuapp.com/agentforce-workshop/data-cloud-reservation-custom-dmo-mappings.dZMpB-jw.webp]
[agentforce-handson-ahm-dec-d639f996c085.herokuapp.com/agentforce-workshop/data-cloud-reservation-relationship.BjKaBUCS.webp]
[agentforce-handson-ahm-dec-d639f996c085.herokuapp.com/agentforce-workshop/data-cloud-reservation-graph.iS7xMCFe.webp]
[agentforce-handson-ahm-dec-d639f996c085.herokuapp.com/agentforce-workshop/data-cloud/3-ingest-s3-reservations.html]
[agentforce-handson-ahm-dec-d639f996c085.herokuapp.com/agentforce-workshop/agentforce-workshop_data-cloud_4-ingest-crm-contacts.md.CEoqtWdZ.lean.js]
[agentforce-handson-ahm-dec-d639f996c085.herokuapp.com/agentforce-workshop/data-cloud-crm-install-data-kit.CAMXpINR.webp]
[agentforce-handson-ahm-dec-d639f996c085.herokuapp.com/agentforce-workshop/data-cloud-crm-new-stream-source.BhkJk1D5.webp]
[agentforce-handson-ahm-dec-d639f996c085.herokuapp.com/agentforce-workshop/data-cloud-crm-new-stream-bundle.ByAeqj2s.webp]
[agentforce-handson-ahm-dec-d639f996c085.herokuapp.com/agentforce-workshop/data-cloud-crm-stream-refresh.DrzBpkEH.webp]
[agentforce-handson-ahm-dec-d639f996c085.herokuapp.com/agentforce-workshop/data-cloud-crm-review-mapping-button.CdvzFkXd.webp]
[agentforce-handson-ahm-dec-d639f996c085.herokuapp.com/agentforce-workshop/data-cloud-crm-mapping.CjB9WbXo.webp]
[agentforce-handson-ahm-dec-d639f996c085.herokuapp.com/agentforce-workshop/data-cloud/4-ingest-crm-contacts.html]
[agentforce-handson-ahm-dec-d639f996c085.herokuapp.com/agentforce-workshop/agentforce-workshop_data-cloud_5-create-unified-profile.md.B1a6AiTa.lean.js]
[agentforce-handson-ahm-dec-d639f996c085.herokuapp.com/agentforce-workshop/data-cloud-unified-explorer-individual-columns.BdZmUpUu.webp]
[agentforce-handson-ahm-dec-d639f996c085.herokuapp.com/agentforce-workshop/data-cloud-unified-explorer-individual-results.qhulc40F.webp]
[agentforce-handson-ahm-dec-d639f996c085.herokuapp.com/agentforce-workshop/data-cloud-unified-new-ruleset.IRzWrh7e.webp]
[agentforce-handson-ahm-dec-d639f996c085.herokuapp.com/agentforce-workshop/data-cloud-unified-match-rules.C66-DBOj.webp]
[agentforce-handson-ahm-dec-d639f996c085.herokuapp.com/agentforce-workshop/data-cloud-unified-explorer-unified-columns.bngXIahd.webp]
[agentforce-handson-ahm-dec-d639f996c085.herokuapp.com/agentforce-workshop/data-cloud-unified-explorer-unified-results.606r-ci4.webp]
[agentforce-handson-ahm-dec-d639f996c085.herokuapp.com/agentforce-workshop/data-cloud/5-create-unified-profile.html]
[agentforce-handson-ahm-dec-d639f996c085.herokuapp.com/agentforce-workshop/agentforce-workshop_data-cloud_6-access-unified-data.md.NnpXYh3z.lean.js]
[agentforce-handson-ahm-dec-d639f996c085.herokuapp.com/agentforce-workshop/data-cloud-rl-no-list.DnoVTS3R.webp]
[agentforce-handson-ahm-dec-d639f996c085.herokuapp.com/agentforce-workshop/data-cloud-rl-setup.R1dzeTGW.webp]
[agentforce-handson-ahm-dec-d639f996c085.herokuapp.com/agentforce-workshop/data-cloud-rl-new-dcrl-object.4-ZlqKMR.webp]
[agentforce-handson-ahm-dec-d639f996c085.herokuapp.com/agentforce-workshop/data-cloud-rl-new-dcrl-name.D8Uf0n-k.webp]
[agentforce-handson-ahm-dec-d639f996c085.herokuapp.com/agentforce-workshop/data-cloud-rl-new-dcrl-label.CeFxCIhB.webp]
[agentforce-handson-ahm-dec-d639f996c085.herokuapp.com/agentforce-workshop/data-cloud-rl-page-layout.Bfp4yyzq.webp]
[agentforce-handson-ahm-dec-d639f996c085.herokuapp.com/agentforce-workshop/data-cloud-rl-fields.DWp_HxbP.webp]
[agentforce-handson-ahm-dec-d639f996c085.herokuapp.com/agentforce-workshop/data-cloud-rl-dynamic-related-list.D39ntf5l.webp]
[agentforce-handson-ahm-dec-d639f996c085.herokuapp.com/agentforce-workshop/data-cloud-rl-dynamic-related-list-filter.C5DcZPC3.webp]
[agentforce-handson-ahm-dec-d639f996c085.herokuapp.com/agentforce-workshop/data-cloud-rl-dynamic-related-list-final.JzQvgO95.webp]
[agentforce-handson-ahm-dec-d639f996c085.herokuapp.com/agentforce-workshop/data-cloud/6-access-unified-data.html]
[agentforce-handson-ahm-dec-d639f996c085.herokuapp.com/agentforce-workshop/agentforce-workshop_data-cloud_7-ingest-unstructured-data-index.md.CNC3UZlA.lean.js]
[agentforce-handson-ahm-dec-d639f996c085.herokuapp.com/agentforce-workshop/external-pdfs/Getting_There_Directions_to_Coral_Cloud_Resorts.pdf]
[agentforce-handson-ahm-dec-d639f996c085.herokuapp.com/agentforce-workshop/data-cloud/7-ingest-unstructured-data-index.html]
[agentforce-handson-ahm-dec-d639f996c085.herokuapp.com/agentforce-workshop/agentforce-workshop_data-cloud_7-create-calculated-insights.md.B9nx_wKw.lean.js]
[agentforce-handson-ahm-dec-d639f996c085.herokuapp.com/agentforce-workshop/data-cloud-insights-create.V4_WUd2p.webp]
[agentforce-handson-ahm-dec-d639f996c085.herokuapp.com/agentforce-workshop/data-cloud-insights-create-2.QWgR_EXn.webp]
[agentforce-handson-ahm-dec-d639f996c085.herokuapp.com/agentforce-workshop/data-cloud-insights-create-3.CDLrwjQs.webp]
[agentforce-handson-ahm-dec-d639f996c085.herokuapp.com/agentforce-workshop/data-cloud-insights-join.BB1TwA7R.webp]
[agentforce-handson-ahm-dec-d639f996c085.herokuapp.com/agentforce-workshop/data-cloud-insights-join-object.Df-0ujJk.webp]
[agentforce-handson-ahm-dec-d639f996c085.herokuapp.com/agentforce-workshop/data-cloud-insights-join-view.Bf8V84iZ.webp]
[agentforce-handson-ahm-dec-d639f996c085.herokuapp.com/agentforce-workshop/data-cloud-insights-join-explainer.CnYHk4b1.webp]
[agentforce-handson-ahm-dec-d639f996c085.herokuapp.com/agentforce-workshop/data-cloud-insights-aggregate.tWKp1p5r.webp]
[agentforce-handson-ahm-dec-d639f996c085.herokuapp.com/agentforce-workshop/data-cloud-insights-count.I6LQ7zRn.webp]
[agentforce-handson-ahm-dec-d639f996c085.herokuapp.com/agentforce-workshop/data-cloud-insights-sum.eySsjyX2.webp]
[agentforce-handson-ahm-dec-d639f996c085.herokuapp.com/agentforce-workshop/data-cloud-insights-dimension.CSreQkQY.webp]
[agentforce-handson-ahm-dec-d639f996c085.herokuapp.com/agentforce-workshop/data-cloud-insights-publish.DY8m-cvz.webp]
[agentforce-handson-ahm-dec-d639f996c085.herokuapp.com/agentforce-workshop/data-cloud-insights-pending.PmyCg1se.webp]
[agentforce-handson-ahm-dec-d639f996c085.herokuapp.com/agentforce-workshop/data-cloud/7-create-calculated-insights.html]
[agentforce-handson-ahm-dec-d639f996c085.herokuapp.com/agentforce-workshop/agentforce-workshop_data-cloud_8-access-calculated-insights.md.BP9cFiqq.lean.js]
[agentforce-handson-ahm-dec-d639f996c085.herokuapp.com/agentforce-workshop/data-cloud-copyfields-insights-status.D1IOgu12.webp]
[agentforce-handson-ahm-dec-d639f996c085.herokuapp.com/agentforce-workshop/data-cloud-copyfields-setup.DcFl_EWf.webp]
[agentforce-handson-ahm-dec-d639f996c085.herokuapp.com/agentforce-workshop/data-cloud-copyfields-select-object.WAZ7glzo.webp]
[agentforce-handson-ahm-dec-d639f996c085.herokuapp.com/agentforce-workshop/data-cloud-copyfields-select-fields.ClhmrmyN.webp]
[agentforce-handson-ahm-dec-d639f996c085.herokuapp.com/agentforce-workshop/data-cloud-copyfields-select-label.jV0l8Wyg.webp]
[agentforce-handson-ahm-dec-d639f996c085.herokuapp.com/agentforce-workshop/data-cloud-copyfields-field-mapping.CnHE96pK.webp]
[agentforce-handson-ahm-dec-d639f996c085.herokuapp.com/agentforce-workshop/data-cloud-copyfields-sync.CLBjNQ79.webp]
[agentforce-handson-ahm-dec-d639f996c085.herokuapp.com/agentforce-workshop/data-cloud-copyfields-contact-record.CTEzazRy.webp]
[agentforce-handson-ahm-dec-d639f996c085.herokuapp.com/agentforce-workshop/data-cloud/8-access-calculated-insights.html]
[agentforce-handson-ahm-dec-d639f996c085.herokuapp.com/agentforce-workshop/agentforce-workshop_data-cloud_9-data-cloud-reports.md.B2WPoCe7.lean.js]
[agentforce-handson-ahm-dec-d639f996c085.herokuapp.com/agentforce-workshop/data-cloud-9-reports-1.CWXZS95Y.webp]
[agentforce-handson-ahm-dec-d639f996c085.herokuapp.com/agentforce-workshop/data-cloud-9-reports-2.BzFusbaK.webp]
[agentforce-handson-ahm-dec-d639f996c085.herokuapp.com/agentforce-workshop/data-cloud-9-reports-3.DQO6yIhg.webp]
[agentforce-handson-ahm-dec-d639f996c085.herokuapp.com/agentforce-workshop/data-cloud-9-reports-4.Ctz8wb78.webp]
[agentforce-handson-ahm-dec-d639f996c085.herokuapp.com/agentforce-workshop/data-cloud/9-data-cloud-reports.html]
[agentforce-handson-ahm-dec-d639f996c085.herokuapp.com/agentforce-workshop/agentforce-workshop_data-cloud_10-data-cloud-flow.md.BG0pQYN8.lean.js]
[agentforce-handson-ahm-dec-d639f996c085.herokuapp.com/agentforce-workshop/data-cloud-10-flow-1.DNHuNprh.webp]
[agentforce-handson-ahm-dec-d639f996c085.herokuapp.com/agentforce-workshop/data-cloud-10-flow-2.CJMRIeP8.webp]
[agentforce-handson-ahm-dec-d639f996c085.herokuapp.com/agentforce-workshop/data-cloud-10-flow-3.CT5gsowd.webp]
[agentforce-handson-ahm-dec-d639f996c085.herokuapp.com/agentforce-workshop/data-cloud-10-flow-4.CVVQU2Zg.webp]
[agentforce-handson-ahm-dec-d639f996c085.herokuapp.com/agentforce-workshop/data-cloud-10-flow-5.iSV7PgIP.webp]
[agentforce-handson-ahm-dec-d639f996c085.herokuapp.com/agentforce-workshop/data-cloud-10-flow-6.CWbkVQvE.webp]
[agentforce-handson-ahm-dec-d639f996c085.herokuapp.com/agentforce-workshop/data-cloud-10-flow-7.CQXX-fhJ.webp]
[agentforce-handson-ahm-dec-d639f996c085.herokuapp.com/agentforce-workshop/data-cloud/10-data-cloud-flow.html]
[agentforce-handson-ahm-dec-d639f996c085.herokuapp.com/agentforce-workshop/data-cloud/11-data-cloud-soql.html]
[agentforce-handson-ahm-dec-d639f996c085.herokuapp.com/agentforce-workshop/agentforce-workshop_data-cloud_11-data-cloud-soql.md.C_IlXuST.lean.js]
[agentforce-handson-ahm-dec-d639f996c085.herokuapp.com/agentforce-workshop/agentforce-workshop_prompt-builder_1-field-generation.md.B9wXCszl.lean.js]
[agentforce-handson-ahm-dec-d639f996c085.herokuapp.com/agentforce-workshop/prompt-builder-fieldgen-experience-description-builder.Bj7Monzj.webp]
[agentforce-handson-ahm-dec-d639f996c085.herokuapp.com/agentforce-workshop/prompt-builder-fieldgen-description-record-page.CN6g9kih.webp]
[agentforce-handson-ahm-dec-d639f996c085.herokuapp.com/agentforce-workshop/prompt-builder/1-field-generation.html]
[agentforce-handson-ahm-dec-d639f996c085.herokuapp.com/agentforce-workshop/agentforce-workshop_prompt-builder_2-field-generation.md.BzZEysM2.lean.js]
[agentforce-handson-ahm-dec-d639f996c085.herokuapp.com/agentforce-workshop/prompt-builder-fieldgen-reviews-summary-builder.f9FW9yHG.webp]
[agentforce-handson-ahm-dec-d639f996c085.herokuapp.com/agentforce-workshop/prompt-builder-fieldgen-reviews-record-page.-v--8kZV.webp]
[agentforce-handson-ahm-dec-d639f996c085.herokuapp.com/agentforce-workshop/prompt-builder/2-field-generation.html]
[agentforce-handson-ahm-dec-d639f996c085.herokuapp.com/agentforce-workshop/agentforce-workshop_prompt-builder_3-sales-email.md.wwYTknAa.lean.js]
[agentforce-handson-ahm-dec-d639f996c085.herokuapp.com/agentforce-workshop/prompt-builder-email-flow-final.BXJHPZKc.webp]
[agentforce-handson-ahm-dec-d639f996c085.herokuapp.com/agentforce-workshop/prompt-builder-email-template.azwN6mkj.webp]
[agentforce-handson-ahm-dec-d639f996c085.herokuapp.com/agentforce-workshop/prompt-builder-email-activity.C9bb_j2t.webp]
[agentforce-handson-ahm-dec-d639f996c085.herokuapp.com/agentforce-workshop/prompt-builder/3-sales-email.html]
[agentforce-handson-ahm-dec-d639f996c085.herokuapp.com/agentforce-workshop/agentforce-workshop_prompt-builder_4-data-cloud.md.CjZWMyT5.lean.js]
[agentforce-handson-ahm-dec-d639f996c085.herokuapp.com/agentforce-workshop/prompt-builder-flex-data-cloud.rqhZrE6g.webp]
[agentforce-handson-ahm-dec-d639f996c085.herokuapp.com/agentforce-workshop/prompt-builder/4-data-cloud.html]
[agentforce-handson-ahm-dec-d639f996c085.herokuapp.com/agentforce-workshop/agentforce-workshop_prompt-builder_5-flex-template.md.CVIFf1lR.lean.js]
[agentforce-handson-ahm-dec-d639f996c085.herokuapp.com/agentforce-workshop/prompt-builder-flex-builder.DTY6ug3E.webp]
[agentforce-handson-ahm-dec-d639f996c085.herokuapp.com/agentforce-workshop/prompt-builder-flex-builder-apex.Z8_2vJEv.webp]
[agentforce-handson-ahm-dec-d639f996c085.herokuapp.com/agentforce-workshop/prompt-builder-flex-builder-reason-1.Tt20oWQi.webp]
[agentforce-handson-ahm-dec-d639f996c085.herokuapp.com/agentforce-workshop/prompt-builder-flex-builder-reason-2.BPlkEwpP.webp]
[agentforce-handson-ahm-dec-d639f996c085.herokuapp.com/agentforce-workshop/prompt-builder-flex-screenflow-prompt-action.hdcMuVtB.webp]
[agentforce-handson-ahm-dec-d639f996c085.herokuapp.com/agentforce-workshop/prompt-builder-flex-screenflow-prompt-response.BkBrWIYE.webp]
[agentforce-handson-ahm-dec-d639f996c085.herokuapp.com/agentforce-workshop/prompt-builder-flex-quick-action.Df0xJ0QZ.webp]
[agentforce-handson-ahm-dec-d639f996c085.herokuapp.com/agentforce-workshop/prompt-builder/5-flex-template.html]
[agentforce-handson-ahm-dec-d639f996c085.herokuapp.com/agentforce-workshop/chunks/agents-getstarted-contact-count.BdktHaf5.js]
[agentforce-handson-ahm-dec-d639f996c085.herokuapp.com/agentforce-workshop/agentforce-workshop_agents_1-get-started.md.DqONn3FE.lean.js]
[agentforce-handson-ahm-dec-d639f996c085.herokuapp.com/agentforce-workshop/agents-getstarted-new-topic.CNhihqVV.webp]
[agentforce-handson-ahm-dec-d639f996c085.herokuapp.com/agentforce-workshop/agents-topic-actions.IbkJsY0m.webp]
[agentforce-handson-ahm-dec-d639f996c085.herokuapp.com/agentforce-workshop/agent-knowledge.D_fXalwP.webp]
[agentforce-handson-ahm-dec-d639f996c085.herokuapp.com/agentforce-workshop/agents-getstarted-builder-cases.DEBEI9Pk.webp]
[agentforce-handson-ahm-dec-d639f996c085.herokuapp.com/agentforce-workshop/agents-getstarted-builder-case-summary.BnphkbLQ.webp]
[agentforce-handson-ahm-dec-d639f996c085.herokuapp.com/agentforce-workshop/agents-getstarted-builder-contact-overview.BV4ITz2_.webp]
[agentforce-handson-ahm-dec-d639f996c085.herokuapp.com/agentforce-workshop/agents-getstarted-einstein-icon.C6ieiIgK.webp]
[agentforce-handson-ahm-dec-d639f996c085.herokuapp.com/agentforce-workshop/agents-getstarted-cases.CdCm1VvP.webp]
[agentforce-handson-ahm-dec-d639f996c085.herokuapp.com/agentforce-workshop/agents-getstarted-case-summary.BhfjP634.webp]
[agentforce-handson-ahm-dec-d639f996c085.herokuapp.com/agentforce-workshop/agents-getstarted-contact-overview.BEN8JpPb.webp]
[agentforce-handson-ahm-dec-d639f996c085.herokuapp.com/agentforce-workshop/agents-getstarted-contact-count.Cm1i5d7U.webp]
[agentforce-handson-ahm-dec-d639f996c085.herokuapp.com/agentforce-workshop/agents/1-get-started.html]
[agentforce-handson-ahm-dec-d639f996c085.herokuapp.com/agentforce-workshop/chunks/agents-flow-topic-action-tab.DgDFYXli.js]
[agentforce-handson-ahm-dec-d639f996c085.herokuapp.com/agentforce-workshop/agentforce-workshop_agents_2-flow-actions-credit.md.CqdcqqUa.lean.js]
[agentforce-handson-ahm-dec-d639f996c085.herokuapp.com/agentforce-workshop/agents-flow-create-action-credit.BkX4LmG4.webp]
[agentforce-handson-ahm-dec-d639f996c085.herokuapp.com/agentforce-workshop/agents-flow-create-action-credit-2.wBapTApr.webp]
[agentforce-handson-ahm-dec-d639f996c085.herokuapp.com/agentforce-workshop/agents-flow-topic-action-tab.C8kPujis.webp]
[agentforce-handson-ahm-dec-d639f996c085.herokuapp.com/agentforce-workshop/agents-flow-add-action-credit.DdSuGklx.webp]
[agentforce-handson-ahm-dec-d639f996c085.herokuapp.com/agentforce-workshop/agents-flow-planner.DPMrGTLA.webp]
[agentforce-handson-ahm-dec-d639f996c085.herokuapp.com/agentforce-workshop/agents-flow-credits-related-list.pSM9P8Wq.webp]
[agentforce-handson-ahm-dec-d639f996c085.herokuapp.com/agentforce-workshop/agents/2-flow-actions-credit.html]
[agentforce-handson-ahm-dec-d639f996c085.herokuapp.com/agentforce-workshop/agentforce-workshop_agents_3-flow-actions-credit-bulk.md.CKgBq7pz.lean.js]
[agentforce-handson-ahm-dec-d639f996c085.herokuapp.com/agentforce-workshop/agents-flow-create-action-credit-bulk.CsQnP8UA.webp]
[agentforce-handson-ahm-dec-d639f996c085.herokuapp.com/agentforce-workshop/agents-flow-create-action-credit-bulk-2.vZqZ0LkH.webp]
[agentforce-handson-ahm-dec-d639f996c085.herokuapp.com/agentforce-workshop/agents-flow-credit-bulk-add-action.DBIZ9Neh.webp]
[agentforce-handson-ahm-dec-d639f996c085.herokuapp.com/agentforce-workshop/agents-flow-credit-bulk-result.D_KI5qMM.webp]
[agentforce-handson-ahm-dec-d639f996c085.herokuapp.com/agentforce-workshop/agents-flow-credit-contacts-chicago.D9e-O1is.webp]
[agentforce-handson-ahm-dec-d639f996c085.herokuapp.com/agentforce-workshop/agents-flow-credits-tallia.D9d1J-1g.webp]
[agentforce-handson-ahm-dec-d639f996c085.herokuapp.com/agentforce-workshop/agents/3-flow-actions-credit-bulk.html]
[agentforce-handson-ahm-dec-d639f996c085.herokuapp.com/agentforce-workshop/agentforce-workshop_agents_4-apex-actions.md.CkWkorNf.lean.js]
[agentforce-handson-ahm-dec-d639f996c085.herokuapp.com/agentforce-workshop/agents-apex-create-action.DlXKJ4G3.webp]
[agentforce-handson-ahm-dec-d639f996c085.herokuapp.com/agentforce-workshop/agents-apex-add-action.CPPiGFb1.webp]
[agentforce-handson-ahm-dec-d639f996c085.herokuapp.com/agentforce-workshop/agents-apex-builder.Ia-d9R_I.webp]
[agentforce-handson-ahm-dec-d639f996c085.herokuapp.com/agentforce-workshop/agents/4-apex-actions.html]
[agentforce-handson-ahm-dec-d639f996c085.herokuapp.com/agentforce-workshop/agentforce-workshop_agents_5-prompt-template-actions.md.7NG1bteM.lean.js]
[agentforce-handson-ahm-dec-d639f996c085.herokuapp.com/agentforce-workshop/agents-prompt-create-action.BGgyBvXo.webp]
[agentforce-handson-ahm-dec-d639f996c085.herokuapp.com/agentforce-workshop/agents-prompt-create-action-2.DOLKPCfb.webp]
[agentforce-handson-ahm-dec-d639f996c085.herokuapp.com/agentforce-workshop/agents-prompt-add-action.D_t8xev7.webp]
[agentforce-handson-ahm-dec-d639f996c085.herokuapp.com/agentforce-workshop/agents-prompt-builder.BdLCpZHk.webp]
[agentforce-handson-ahm-dec-d639f996c085.herokuapp.com/agentforce-workshop/agents/5-prompt-template-actions.html]
[agentforce-handson-ahm-dec-d639f996c085.herokuapp.com/agentforce-workshop/agentforce-workshop_agents_6-mulesoft-external-services.md.D-7uHX1r.lean.js]
[agentforce-handson-ahm-dec-d639f996c085.herokuapp.com/agentforce-workshop/agents-mulesoft-legacy-credential-complete.k_P5LB6J.webp]
[agentforce-handson-ahm-dec-d639f996c085.herokuapp.com/agentforce-workshop/agents-flow-toolbox.Cn69SqKO.webp]
[agentforce-handson-ahm-dec-d639f996c085.herokuapp.com/agentforce-workshop/agents-mulesoft-flow-action.c5J_yCfi.webp]
[agentforce-handson-ahm-dec-d639f996c085.herokuapp.com/agentforce-workshop/agents-mulesoft-flow-action-dialog.Cj6q3nTC.webp]
[agentforce-handson-ahm-dec-d639f996c085.herokuapp.com/agentforce-workshop/agents-mulesoft-flow-assignment.CczCOFLV.webp]
[agentforce-handson-ahm-dec-d639f996c085.herokuapp.com/agentforce-workshop/agents-mulesoft-copilot-action.ZsOdpygh.webp]
[agentforce-handson-ahm-dec-d639f996c085.herokuapp.com/agentforce-workshop/agents-mulesoft-agent-action.RmEnvHOD.webp]
[agentforce-handson-ahm-dec-d639f996c085.herokuapp.com/agentforce-workshop/agents-mulesoft-copilot-configuration.BATUXL0h.webp]
[agentforce-handson-ahm-dec-d639f996c085.herokuapp.com/agentforce-workshop/agents-mulesoft-response-positive.Cap8D2iz.webp]
[agentforce-handson-ahm-dec-d639f996c085.herokuapp.com/agentforce-workshop/agents-mulesoft-response-negative.DW10SdoR.webp]
[agentforce-handson-ahm-dec-d639f996c085.herokuapp.com/agentforce-workshop/agents-mulesoft-response-error.Cjq6E87U.webp]
[agentforce-handson-ahm-dec-d639f996c085.herokuapp.com/agentforce-workshop/agents/6-mulesoft-external-services.html]
[agentforce-handson-ahm-dec-d639f996c085.herokuapp.com/agentforce-workshop/agentforce-workshop_service-agents_1-create-a-service-agent.md.CB92YuAg.lean.js]
[agentforce-handson-ahm-dec-d639f996c085.herokuapp.com/agentforce-workshop/service-agent-architecture_coral-cloud-agent.BHFoxQjG.webp]
[agentforce-handson-ahm-dec-d639f996c085.herokuapp.com/agentforce-workshop/service-agent-action-refresh.BEH_hRlu.webp]
[agentforce-handson-ahm-dec-d639f996c085.herokuapp.com/agentforce-workshop/service-agents/1-create-a-service-agent.html]
[agentforce-handson-ahm-dec-d639f996c085.herokuapp.com/agentforce-workshop/agentforce-workshop_service-agents_2-configure-a-service-deployment.md.C0O-IiEq.lean.js]
[agentforce-handson-ahm-dec-d639f996c085.herokuapp.com/agentforce-workshop/service-agent-architecture_omni-channel-architecture.yFsXV5_T.webp]
[agentforce-handson-ahm-dec-d639f996c085.herokuapp.com/agentforce-workshop/service-agent-connections.DG5_B1qN.webp]
[agentforce-handson-ahm-dec-d639f996c085.herokuapp.com/agentforce-workshop/service-agents/2-configure-a-service-deployment.html]
[agentforce-handson-ahm-dec-d639f996c085.herokuapp.com/agentforce-workshop/agentforce-workshop_service-agents_3-distribute-service-agent.md.g_SBxY1K.lean.js]
[agentforce-handson-ahm-dec-d639f996c085.herokuapp.com/agentforce-workshop/service-agent-architecture_experience-cloud.JzXGC5aR.webp]
[agentforce-handson-ahm-dec-d639f996c085.herokuapp.com/agentforce-workshop/service-agent-coral-cloud-site.D7QK-Srp.webp]
[agentforce-handson-ahm-dec-d639f996c085.herokuapp.com/agentforce-workshop/service-agents/3-distribute-service-agent.html]
[agentforce-handson-ahm-dec-d639f996c085.herokuapp.com/agentforce-workshop/agentforce-workshop_rag_1-ingest-unstructured-data-index.md.CCtRvyva.lean.js]
[agentforce-handson-ahm-dec-d639f996c085.herokuapp.com/agentforce-workshop/rag-1-external-files.ORjDcAbn.webp]
[agentforce-handson-ahm-dec-d639f996c085.herokuapp.com/agentforce-workshop/rag-1-s3-source.BTlryxNx.webp]
[agentforce-handson-ahm-dec-d639f996c085.herokuapp.com/agentforce-workshop/rag-1-connection-setup.W7TzXacI.webp]
[agentforce-handson-ahm-dec-d639f996c085.herokuapp.com/agentforce-workshop/rag-1-udlo-definition-without-semantic.DejR4R0e.webp]
[agentforce-handson-ahm-dec-d639f996c085.herokuapp.com/agentforce-workshop/rag-1-search-index.BvuPC3PN.webp]
[agentforce-handson-ahm-dec-d639f996c085.herokuapp.com/agentforce-workshop/rag-1-select-index-setup.BgUfG_Lq.webp]
[agentforce-handson-ahm-dec-d639f996c085.herokuapp.com/agentforce-workshop/rag-1-select-index-demo.CTnKLDf1.webp]
[agentforce-handson-ahm-dec-d639f996c085.herokuapp.com/agentforce-workshop/rag-1-select-index-confirm.DaPRRQQI.webp]
[agentforce-handson-ahm-dec-d639f996c085.herokuapp.com/agentforce-workshop/rag-1-connected-app._JL12Dyw.webp]
[agentforce-handson-ahm-dec-d639f996c085.herokuapp.com/agentforce-workshop/rag-1-data-explorer.0nykvkGw.webp]
[agentforce-handson-ahm-dec-d639f996c085.herokuapp.com/agentforce-workshop/rag-1-chunks.D9vc5YP5.webp]
[agentforce-handson-ahm-dec-d639f996c085.herokuapp.com/agentforce-workshop/rag/1-ingest-unstructured-data-index.html]
[agentforce-handson-ahm-dec-d639f996c085.herokuapp.com/agentforce-workshop/agentforce-workshop_rag_2-einstein-search.md.BM6Vmmxw.lean.js]
[agentforce-handson-ahm-dec-d639f996c085.herokuapp.com/agentforce-workshop/rag-2-new-prompt-template.bPXHruut.webp]
[agentforce-handson-ahm-dec-d639f996c085.herokuapp.com/agentforce-workshop/rag-2-retriever-config.BEP8UMUB.webp]
[agentforce-handson-ahm-dec-d639f996c085.herokuapp.com/agentforce-workshop/rag-2-template-preview.a7YAg2_h.webp]
[agentforce-handson-ahm-dec-d639f996c085.herokuapp.com/agentforce-workshop/rag/2-einstein-search.html]
[agentforce-handson-ahm-dec-d639f996c085.herokuapp.com/agentforce-workshop/agentforce-workshop_rag_3-agent-with-unstructured-data.md.0zqLPU7n.lean.js]
[agentforce-handson-ahm-dec-d639f996c085.herokuapp.com/agentforce-workshop/rag-3-new-action.DOCKfJcM.webp]
[agentforce-handson-ahm-dec-d639f996c085.herokuapp.com/agentforce-workshop/rag-3-action-config.DK2L2bks.webp]
[agentforce-handson-ahm-dec-d639f996c085.herokuapp.com/agentforce-workshop/rag-3-add-action.s44riV_o.webp]
[agentforce-handson-ahm-dec-d639f996c085.herokuapp.com/agentforce-workshop/rag-3-agent-preview.DAZUd-QV.webp]
[agentforce-handson-ahm-dec-d639f996c085.herokuapp.com/agentforce-workshop/rag/3-agent-with-unstructured-data.html]
[agentforce-handson-ahm-dec-d639f996c085.herokuapp.com/agentforce-workshop/agentforce-workshop_advanced_1-advanced-prompt-template.md.BEJmFxCh.lean.js]
[agentforce-handson-ahm-dec-d639f996c085.herokuapp.com/agentforce-workshop/advanced-ai-1.B-sYpWEc.webp]
[agentforce-handson-ahm-dec-d639f996c085.herokuapp.com/agentforce-workshop/advanced-ai-2.DE4KK9Zp.webp]
[agentforce-handson-ahm-dec-d639f996c085.herokuapp.com/agentforce-workshop/advanced-ai-3.KrK-J8rE.webp]
[agentforce-handson-ahm-dec-d639f996c085.herokuapp.com/agentforce-workshop/advanced-ai-4.BxCrqQSo.webp]
[agentforce-handson-ahm-dec-d639f996c085.herokuapp.com/agentforce-workshop/advanced/1-advanced-prompt-template.html]
[agentforce-handson-ahm-dec-d639f996c085.herokuapp.com/agentforce-workshop/agentforce-workshop_advanced_2-invoke-with-rest-api.md.DOUhvOQi.lean.js]
[agentforce-handson-ahm-dec-d639f996c085.herokuapp.com/agentforce-workshop/advanced-ai-7.CKjZbHaS.webp]
[agentforce-handson-ahm-dec-d639f996c085.herokuapp.com/agentforce-workshop/advanced-ai-9.B-RULAWt.webp]
[agentforce-handson-ahm-dec-d639f996c085.herokuapp.com/agentforce-workshop/advanced-ai-10.aiqKB2cN.webp]
[agentforce-handson-ahm-dec-d639f996c085.herokuapp.com/agentforce-workshop/advanced-ai-11.BBdMU84W.webp]
[agentforce-handson-ahm-dec-d639f996c085.herokuapp.com/agentforce-workshop/advanced-ai-12.CFW9XNoj.webp]
[agentforce-handson-ahm-dec-d639f996c085.herokuapp.com/agentforce-workshop/advanced-ai-13.BCaEGRxL.webp]
[agentforce-handson-ahm-dec-d639f996c085.herokuapp.com/agentforce-workshop/advanced-ai-14.DGBH19He.webp]
[agentforce-handson-ahm-dec-d639f996c085.herokuapp.com/agentforce-workshop/advanced/2-invoke-with-rest-api.html]
[agentforce-handson-ahm-dec-d639f996c085.herokuapp.com/agentforce-workshop/agentforce-workshop_profile-overlay.md.C6QKhV28.lean.js]
[agentforce-handson-ahm-dec-d639f996c085.herokuapp.com/agentforce-workshop/profile-overlay/css/app.css]
[agentforce-handson-ahm-dec-d639f996c085.herokuapp.com/agentforce-workshop/sample-profile-pic.BC5r9QIf.webp]
[agentforce-handson-ahm-dec-d639f996c085.herokuapp.com/agentforce-workshop/overlay.CKJlaAqA.webp]
[agentforce-handson-ahm-dec-d639f996c085.herokuapp.com/agentforce-workshop/sample-profile-pic-framed.zomRiHj1.webp]
[agentforce-handson-ahm-dec-d639f996c085.herokuapp.com/agentforce-workshop/profile-overlay.html]
[agentforce-handson-ahm-dec-d639f996c085.herokuapp.com/agentforce-workshop/profile-overlay/css/app.css]
[agentforce-handson-ahm-dec-d639f996c085.herokuapp.com/fonts/SalesforceSans-Regular.html]
[agentforce-handson-ahm-dec-d639f996c085.herokuapp.com/fonts/AvantGardeForSalesforceW05-Dm.html]
